[12-Aug-2026 14:36:41 UTC] [ERROR] update_process: 등록되지 않은 바코드입니다: TEST1234
[12-Aug-2026 22:55:23 UTC] [ERROR] update_process: 등록되지 않은 바코드입니다: P-260813-0001
[12-Aug-2026 22:55:28 UTC] [ERROR] update_process: 등록되지 않은 바코드입니다: P-260813-0001
[12-Aug-2026 22:55:32 UTC] [ERROR] update_process: 등록되지 않은 바코드입니다: P-260813-0001
[12-Aug-2026 22:55:38 UTC] [ERROR] update_process: 등록되지 않은 바코드입니다: P-260813-0001
[12-Aug-2026 22:55:40 UTC] [ERROR] update_process: 등록되지 않은 바코드입니다: P-260813-0001
[12-Aug-2026 22:55:41 UTC] [ERROR] update_process: 등록되지 않은 바코드입니다: P-260813-0001
[12-Aug-2026 22:55:46 UTC] [ERROR] update_process: 등록되지 않은 바코드입니다: P-260813-0001
[12-Aug-2026 22:55:51 UTC] [ERROR] update_process: 등록되지 않은 바코드입니다: P-260813-0001
[12-Aug-2026 22:55:56 UTC] [ERROR] update_process: 등록되지 않은 바코드입니다: P-260813-0001
[12-Aug-2026 22:56:01 UTC] [ERROR] update_process: 등록되지 않은 바코드입니다: P-260813-0001
[12-Aug-2026 22:56:06 UTC] [ERROR] update_process: 등록되지 않은 바코드입니다: P-260813-0001
[12-Aug-2026 22:56:09 UTC] [ERROR] update_process: 등록되지 않은 바코드입니다: P-260813-0001
[12-Aug-2026 22:56:14 UTC] [ERROR] update_process: 등록되지 않은 바코드입니다: P-260813-0001
[12-Aug-2026 22:56:19 UTC] [ERROR] update_process: 등록되지 않은 바코드입니다: P-260813-0001
[12-Aug-2026 22:56:24 UTC] [ERROR] update_process: 등록되지 않은 바코드입니다: P-260813-0001
[12-Aug-2026 22:56:29 UTC] [ERROR] update_process: 등록되지 않은 바코드입니다: P-260813-0001
[12-Aug-2026 22:56:34 UTC] [ERROR] update_process: 등록되지 않은 바코드입니다: P-260813-0001
[12-Aug-2026 22:56:38 UTC] [ERROR] update_process: 등록되지 않은 바코드입니다: P-260813-0001
[12-Aug-2026 22:56:43 UTC] [ERROR] update_process: 등록되지 않은 바코드입니다: P-260813-0001
[12-Aug-2026 22:56:48 UTC] [ERROR] update_process: 등록되지 않은 바코드입니다: P-260813-0001
[12-Aug-2026 22:56:53 UTC] [ERROR] update_process: 등록되지 않은 바코드입니다: P-260813-0001
[12-Aug-2026 22:56:58 UTC] [ERROR] update_process: 등록되지 않은 바코드입니다: P-260813-0001
[12-Aug-2026 23:01:05 UTC] [ERROR] update_process: 등록되지 않은 바코드입니다: P-260813-0001
[12-Aug-2026 23:01:08 UTC] [ERROR] update_process: 등록되지 않은 바코드입니다: P-260813-0001
[12-Aug-2026 23:01:10 UTC] [ERROR] update_process: 등록되지 않은 바코드입니다: P-260813-0001
[12-Aug-2026 23:01:15 UTC] [ERROR] update_process: 등록되지 않은 바코드입니다: P-260813-0001
[12-Aug-2026 23:01:20 UTC] [ERROR] update_process: 등록되지 않은 바코드입니다: P-260813-0001
[12-Aug-2026 23:01:23 UTC] [ERROR] update_process: 등록되지 않은 바코드입니다: P-260813-0001
[12-Aug-2026 23:01:28 UTC] [ERROR] update_process: 등록되지 않은 바코드입니다: P-260813-0001
[12-Aug-2026 23:01:29 UTC] [ERROR] update_process: 등록되지 않은 바코드입니다: P-260813-0001
[12-Aug-2026 23:01:33 UTC] [ERROR] update_process: 등록되지 않은 바코드입니다: P-260813-0001
[12-Aug-2026 23:01:38 UTC] [ERROR] update_process: 등록되지 않은 바코드입니다: P-260813-0001
[12-Aug-2026 23:01:43 UTC] [ERROR] update_process: 등록되지 않은 바코드입니다: P-260813-0001
[12-Aug-2026 23:01:48 UTC] [ERROR] update_process: 등록되지 않은 바코드입니다: P-260813-0001
[12-Aug-2026 23:01:56 UTC] [ERROR] update_process: 등록되지 않은 바코드입니다: P-260813-0001
[12-Aug-2026 23:01:58 UTC] [ERROR] update_process: 등록되지 않은 바코드입니다: P-260813-0001
[12-Aug-2026 23:02:01 UTC] [ERROR] update_process: 등록되지 않은 바코드입니다: P-260813-0001
[12-Aug-2026 23:02:06 UTC] [ERROR] update_process: 등록되지 않은 바코드입니다: P-260813-0001
[12-Aug-2026 23:02:11 UTC] [ERROR] update_process: 등록되지 않은 바코드입니다: P-260813-0001
[12-Aug-2026 23:02:16 UTC] [ERROR] update_process: 등록되지 않은 바코드입니다: P-260813-0001
[12-Aug-2026 23:02:20 UTC] [ERROR] update_process: 등록되지 않은 바코드입니다: P-260813-0001
[12-Aug-2026 23:02:25 UTC] [ERROR] update_process: 등록되지 않은 바코드입니다: P-260813-0001
[12-Aug-2026 23:02:30 UTC] [ERROR] update_process: 등록되지 않은 바코드입니다: P-260813-0001
[12-Aug-2026 23:02:35 UTC] [ERROR] update_process: 등록되지 않은 바코드입니다: P-260813-0001
[12-Aug-2026 23:02:40 UTC] [ERROR] update_process: 등록되지 않은 바코드입니다: P-260813-0001
[12-Aug-2026 23:02:45 UTC] [ERROR] update_process: 등록되지 않은 바코드입니다: P-260813-0001
[12-Aug-2026 23:02:48 UTC] [ERROR] update_process: 등록되지 않은 바코드입니다: P-260813-0001
[12-Aug-2026 23:02:53 UTC] [ERROR] update_process: 등록되지 않은 바코드입니다: P-260813-0001
[12-Aug-2026 23:02:58 UTC] [ERROR] update_process: 등록되지 않은 바코드입니다: P-260813-0001
[12-Aug-2026 23:03:03 UTC] [ERROR] update_process: 등록되지 않은 바코드입니다: P-260813-0001
[12-Aug-2026 23:03:03 UTC] [ERROR] update_process: 등록되지 않은 바코드입니다: P-260813-0001
[12-Aug-2026 23:03:05 UTC] [ERROR] update_process: 등록되지 않은 바코드입니다: P-260813-0001
[12-Aug-2026 23:03:05 UTC] [ERROR] update_process: 등록되지 않은 바코드입니다: P-260813-0001
[12-Aug-2026 23:03:06 UTC] [ERROR] update_process: 등록되지 않은 바코드입니다: P-260813-0001
[12-Aug-2026 23:03:06 UTC] [ERROR] update_process: 등록되지 않은 바코드입니다: P-260813-0001
[12-Aug-2026 23:03:06 UTC] [ERROR] update_process: 등록되지 않은 바코드입니다: P-260813-0001
[12-Aug-2026 23:03:08 UTC] [ERROR] update_process: 등록되지 않은 바코드입니다: P-260813-0001
[12-Aug-2026 23:03:13 UTC] [ERROR] update_process: 등록되지 않은 바코드입니다: P-260813-0001
[12-Aug-2026 23:03:17 UTC] [ERROR] update_process: 등록되지 않은 바코드입니다: P-260813-0001
[12-Aug-2026 23:03:22 UTC] [ERROR] update_process: 등록되지 않은 바코드입니다: P-260813-0001
[12-Aug-2026 23:03:27 UTC] [ERROR] update_process: 등록되지 않은 바코드입니다: P-260813-0001
[12-Aug-2026 23:03:32 UTC] [ERROR] update_process: 등록되지 않은 바코드입니다: P-260813-0001
[12-Aug-2026 23:03:37 UTC] [ERROR] update_process: 등록되지 않은 바코드입니다: P-260813-0001
[12-Aug-2026 23:03:42 UTC] [ERROR] update_process: 등록되지 않은 바코드입니다: P-260813-0001
[12-Aug-2026 23:03:45 UTC] [ERROR] update_process: 등록되지 않은 바코드입니다: P-260813-0001
[12-Aug-2026 23:03:50 UTC] [ERROR] update_process: 등록되지 않은 바코드입니다: P-260813-0001
[12-Aug-2026 23:03:55 UTC] [ERROR] update_process: 등록되지 않은 바코드입니다: P-260813-0001
[12-Aug-2026 23:04:00 UTC] [ERROR] update_process: 등록되지 않은 바코드입니다: P-260813-0001
[12-Aug-2026 23:04:05 UTC] [ERROR] update_process: 등록되지 않은 바코드입니다: P-260813-0001
[12-Aug-2026 23:04:10 UTC] [ERROR] update_process: 등록되지 않은 바코드입니다: P-260813-0001
[12-Aug-2026 23:04:13 UTC] [ERROR] update_process: 등록되지 않은 바코드입니다: P-260813-0001
[12-Aug-2026 23:04:18 UTC] [ERROR] update_process: 등록되지 않은 바코드입니다: P-260813-0001
[12-Aug-2026 23:04:23 UTC] [ERROR] update_process: 등록되지 않은 바코드입니다: P-260813-0001
[12-Aug-2026 23:06:04 UTC] [ERROR] update_process: 공정 순서 오류: 바코드가 대기(WAIT) 상태가 아닙니다. 현재: SHIPPING
[12-Aug-2026 23:06:05 UTC] [ERROR] update_process: 공정 순서 오류: 이전 공정(LASER)이 완료되지 않았습니다.
[12-Aug-2026 23:06:10 UTC] [ERROR] update_process: 공정 순서 오류: 이전 공정(SPI)이 완료되지 않았습니다.
[12-Aug-2026 23:06:15 UTC] [ERROR] update_process: 공정 순서 오류: 이전 공정(MOUNTER)이 완료되지 않았습니다.
[12-Aug-2026 23:06:20 UTC] [ERROR] update_process: 공정 순서 오류: 이전 공정(REFLOW)이 완료되지 않았습니다.
[12-Aug-2026 23:06:23 UTC] [ERROR] update_process: 공정 순서 오류: 이전 공정(DIP_AOI)이 완료되지 않았습니다.
[12-Aug-2026 23:06:25 UTC] [ERROR] update_process: 공정 순서 오류: 바코드가 대기(WAIT) 상태가 아닙니다. 현재: SHIPPING
[12-Aug-2026 23:06:30 UTC] [ERROR] update_process: 공정 순서 오류: 이전 공정(LASER)이 완료되지 않았습니다.
[12-Aug-2026 23:06:34 UTC] [ERROR] update_process: 공정 순서 오류: 이전 공정(SPI)이 완료되지 않았습니다.
[12-Aug-2026 23:06:39 UTC] [ERROR] update_process: 공정 순서 오류: 이전 공정(MOUNTER)이 완료되지 않았습니다.
[12-Aug-2026 23:06:44 UTC] [ERROR] update_process: 공정 순서 오류: 이전 공정(REFLOW)이 완료되지 않았습니다.
[12-Aug-2026 23:06:49 UTC] [ERROR] update_process: 공정 순서 오류: 이전 공정(DIP_AOI)이 완료되지 않았습니다.
[12-Aug-2026 23:06:54 UTC] [ERROR] update_process: 공정 순서 오류: 바코드가 대기(WAIT) 상태가 아닙니다. 현재: SHIPPING
[12-Aug-2026 23:06:58 UTC] [ERROR] update_process: 공정 순서 오류: 이전 공정(LASER)이 완료되지 않았습니다.
[12-Aug-2026 23:06:59 UTC] [ERROR] update_process: 공정 순서 오류: 이전 공정(SPI)이 완료되지 않았습니다.
[12-Aug-2026 23:07:02 UTC] [ERROR] update_process: 공정 순서 오류: 이전 공정(MOUNTER)이 완료되지 않았습니다.
[12-Aug-2026 23:07:07 UTC] [ERROR] update_process: 공정 순서 오류: 이전 공정(REFLOW)이 완료되지 않았습니다.
[12-Aug-2026 23:07:11 UTC] [ERROR] update_process: 공정 순서 오류: 이전 공정(DIP_AOI)이 완료되지 않았습니다.
[12-Aug-2026 23:07:12 UTC] [ERROR] update_process: 공정 순서 오류: 바코드가 대기(WAIT) 상태가 아닙니다. 현재: SHIPPING
[12-Aug-2026 23:07:17 UTC] [ERROR] update_process: 공정 순서 오류: 이전 공정(LASER)이 완료되지 않았습니다.
[12-Aug-2026 23:07:22 UTC] [ERROR] update_process: 공정 순서 오류: 이전 공정(SPI)이 완료되지 않았습니다.
[12-Aug-2026 23:07:27 UTC] [ERROR] update_process: 공정 순서 오류: 이전 공정(MOUNTER)이 완료되지 않았습니다.
[12-Aug-2026 23:07:31 UTC] [ERROR] update_process: 공정 순서 오류: 이전 공정(REFLOW)이 완료되지 않았습니다.
[12-Aug-2026 23:07:36 UTC] [ERROR] update_process: 공정 순서 오류: 이전 공정(DIP_AOI)이 완료되지 않았습니다.
[12-Aug-2026 23:07:41 UTC] [ERROR] update_process: 공정 순서 오류: 바코드가 대기(WAIT) 상태가 아닙니다. 현재: SHIPPING
[12-Aug-2026 23:07:46 UTC] [ERROR] update_process: 공정 순서 오류: 이전 공정(LASER)이 완료되지 않았습니다.
[12-Aug-2026 23:07:51 UTC] [ERROR] update_process: 공정 순서 오류: 이전 공정(SPI)이 완료되지 않았습니다.
[12-Aug-2026 23:07:56 UTC] [ERROR] update_process: 공정 순서 오류: 이전 공정(MOUNTER)이 완료되지 않았습니다.
[12-Aug-2026 23:07:59 UTC] [ERROR] update_process: 공정 순서 오류: 이전 공정(REFLOW)이 완료되지 않았습니다.
[12-Aug-2026 23:08:04 UTC] [ERROR] update_process: 공정 순서 오류: 이전 공정(DIP_AOI)이 완료되지 않았습니다.
[12-Aug-2026 23:08:09 UTC] [ERROR] update_process: 공정 순서 오류: 바코드가 대기(WAIT) 상태가 아닙니다. 현재: SHIPPING
[12-Aug-2026 23:08:14 UTC] [ERROR] update_process: 공정 순서 오류: 이전 공정(LASER)이 완료되지 않았습니다.
[12-Aug-2026 23:08:19 UTC] [ERROR] update_process: 공정 순서 오류: 이전 공정(SPI)이 완료되지 않았습니다.
[12-Aug-2026 23:08:23 UTC] [ERROR] update_process: 공정 순서 오류: 이전 공정(MOUNTER)이 완료되지 않았습니다.
[12-Aug-2026 23:08:24 UTC] [ERROR] update_process: 공정 순서 오류: 이전 공정(REFLOW)이 완료되지 않았습니다.
[12-Aug-2026 23:08:27 UTC] [ERROR] update_process: 공정 순서 오류: 이전 공정(DIP_AOI)이 완료되지 않았습니다.
[12-Aug-2026 23:08:27 UTC] [ERROR] update_process: 공정 순서 오류: 바코드가 대기(WAIT) 상태가 아닙니다. 현재: SHIPPING
[12-Aug-2026 23:08:32 UTC] [ERROR] update_process: 공정 순서 오류: 이전 공정(LASER)이 완료되지 않았습니다.
[12-Aug-2026 23:08:37 UTC] [ERROR] update_process: 공정 순서 오류: 이전 공정(SPI)이 완료되지 않았습니다.
[12-Aug-2026 23:08:42 UTC] [ERROR] update_process: 공정 순서 오류: 이전 공정(MOUNTER)이 완료되지 않았습니다.
[12-Aug-2026 23:08:47 UTC] [ERROR] update_process: 공정 순서 오류: 이전 공정(REFLOW)이 완료되지 않았습니다.
[12-Aug-2026 23:08:52 UTC] [ERROR] update_process: 공정 순서 오류: 이전 공정(DIP_AOI)이 완료되지 않았습니다.
[12-Aug-2026 23:08:56 UTC] [ERROR] update_process: 공정 순서 오류: 바코드가 대기(WAIT) 상태가 아닙니다. 현재: SHIPPING
[12-Aug-2026 23:09:01 UTC] [ERROR] update_process: 공정 순서 오류: 이전 공정(LASER)이 완료되지 않았습니다.
[12-Aug-2026 23:09:06 UTC] [ERROR] update_process: 공정 순서 오류: 이전 공정(SPI)이 완료되지 않았습니다.
[12-Aug-2026 23:09:11 UTC] [ERROR] update_process: 공정 순서 오류: 이전 공정(MOUNTER)이 완료되지 않았습니다.
[12-Aug-2026 23:09:16 UTC] [ERROR] update_process: 공정 순서 오류: 이전 공정(REFLOW)이 완료되지 않았습니다.
[12-Aug-2026 23:09:21 UTC] [ERROR] update_process: 공정 순서 오류: 이전 공정(DIP_AOI)이 완료되지 않았습니다.
[12-Aug-2026 23:09:24 UTC] [ERROR] update_process: 공정 순서 오류: 바코드가 대기(WAIT) 상태가 아닙니다. 현재: SHIPPING
[12-Aug-2026 23:09:24 UTC] [ERROR] update_process: 공정 순서 오류: 이전 공정(LASER)이 완료되지 않았습니다.
[12-Aug-2026 23:09:29 UTC] [ERROR] update_process: 공정 순서 오류: 이전 공정(SPI)이 완료되지 않았습니다.
[12-Aug-2026 23:09:34 UTC] [ERROR] update_process: 공정 순서 오류: 이전 공정(MOUNTER)이 완료되지 않았습니다.
[12-Aug-2026 23:09:39 UTC] [ERROR] update_process: 공정 순서 오류: 이전 공정(REFLOW)이 완료되지 않았습니다.
[12-Aug-2026 23:09:44 UTC] [ERROR] update_process: 공정 순서 오류: 이전 공정(DIP_AOI)이 완료되지 않았습니다.
[12-Aug-2026 23:09:49 UTC] [ERROR] update_process: 공정 순서 오류: 바코드가 대기(WAIT) 상태가 아닙니다. 현재: SHIPPING
[12-Aug-2026 23:09:53 UTC] [ERROR] update_process: 공정 순서 오류: 이전 공정(LASER)이 완료되지 않았습니다.
[12-Aug-2026 23:09:58 UTC] [ERROR] update_process: 공정 순서 오류: 이전 공정(SPI)이 완료되지 않았습니다.
[12-Aug-2026 23:09:58 UTC] [ERROR] update_process: 공정 순서 오류: 이전 공정(MOUNTER)이 완료되지 않았습니다.
[12-Aug-2026 23:10:03 UTC] [ERROR] update_process: 공정 순서 오류: 이전 공정(REFLOW)이 완료되지 않았습니다.
[12-Aug-2026 23:10:08 UTC] [ERROR] update_process: 공정 순서 오류: 이전 공정(DIP_AOI)이 완료되지 않았습니다.
[12-Aug-2026 23:10:13 UTC] [ERROR] update_process: 공정 순서 오류: 바코드가 대기(WAIT) 상태가 아닙니다. 현재: SHIPPING
[12-Aug-2026 23:10:18 UTC] [ERROR] update_process: 공정 순서 오류: 이전 공정(LASER)이 완료되지 않았습니다.
[12-Aug-2026 23:10:21 UTC] [ERROR] update_process: 공정 순서 오류: 이전 공정(SPI)이 완료되지 않았습니다.
[12-Aug-2026 23:10:26 UTC] [ERROR] update_process: 공정 순서 오류: 이전 공정(MOUNTER)이 완료되지 않았습니다.
[12-Aug-2026 23:10:31 UTC] [ERROR] update_process: 공정 순서 오류: 이전 공정(REFLOW)이 완료되지 않았습니다.
[12-Aug-2026 23:10:36 UTC] [ERROR] update_process: 공정 순서 오류: 이전 공정(DIP_AOI)이 완료되지 않았습니다.
[12-Aug-2026 23:10:41 UTC] [ERROR] update_process: 공정 순서 오류: 바코드가 대기(WAIT) 상태가 아닙니다. 현재: SHIPPING
[12-Aug-2026 23:10:46 UTC] [ERROR] update_process: 공정 순서 오류: 이전 공정(LASER)이 완료되지 않았습니다.
[12-Aug-2026 23:10:46 UTC] [ERROR] update_process: 공정 순서 오류: 이전 공정(SPI)이 완료되지 않았습니다.
[12-Aug-2026 23:10:49 UTC] [ERROR] update_process: 공정 순서 오류: 이전 공정(MOUNTER)이 완료되지 않았습니다.
[12-Aug-2026 23:10:53 UTC] [ERROR] update_process: 공정 순서 오류: 이전 공정(REFLOW)이 완료되지 않았습니다.
[12-Aug-2026 23:10:55 UTC] [ERROR] update_process: 공정 순서 오류: 이전 공정(DIP_AOI)이 완료되지 않았습니다.
[12-Aug-2026 23:10:59 UTC] [ERROR] update_process: 공정 순서 오류: 바코드가 대기(WAIT) 상태가 아닙니다. 현재: SHIPPING
[12-Aug-2026 23:11:04 UTC] [ERROR] update_process: 공정 순서 오류: 이전 공정(LASER)이 완료되지 않았습니다.
[12-Aug-2026 23:11:10 UTC] [ERROR] update_process: 공정 순서 오류: 이전 공정(SPI)이 완료되지 않았습니다.
[12-Aug-2026 23:11:15 UTC] [ERROR] update_process: 공정 순서 오류: 이전 공정(MOUNTER)이 완료되지 않았습니다.
[12-Aug-2026 23:11:19 UTC] [ERROR] update_process: 공정 순서 오류: 이전 공정(REFLOW)이 완료되지 않았습니다.
[12-Aug-2026 23:11:20 UTC] [ERROR] update_process: 공정 순서 오류: 이전 공정(DIP_AOI)이 완료되지 않았습니다.
[12-Aug-2026 23:11:24 UTC] [ERROR] update_process: 공정 순서 오류: 바코드가 대기(WAIT) 상태가 아닙니다. 현재: SHIPPING
[12-Aug-2026 23:11:29 UTC] [ERROR] update_process: 공정 순서 오류: 이전 공정(LASER)이 완료되지 않았습니다.
[12-Aug-2026 23:11:34 UTC] [ERROR] update_process: 공정 순서 오류: 이전 공정(SPI)이 완료되지 않았습니다.
[12-Aug-2026 23:11:39 UTC] [ERROR] update_process: 공정 순서 오류: 이전 공정(MOUNTER)이 완료되지 않았습니다.
[12-Aug-2026 23:11:44 UTC] [ERROR] update_process: 공정 순서 오류: 이전 공정(REFLOW)이 완료되지 않았습니다.
[12-Aug-2026 23:11:47 UTC] [ERROR] update_process: 공정 순서 오류: 이전 공정(DIP_AOI)이 완료되지 않았습니다.
[12-Aug-2026 23:11:52 UTC] [ERROR] update_process: 공정 순서 오류: 바코드가 대기(WAIT) 상태가 아닙니다. 현재: SHIPPING
[12-Aug-2026 23:11:57 UTC] [ERROR] update_process: 공정 순서 오류: 이전 공정(LASER)이 완료되지 않았습니다.
[12-Aug-2026 23:12:02 UTC] [ERROR] update_process: 공정 순서 오류: 이전 공정(SPI)이 완료되지 않았습니다.
[12-Aug-2026 23:12:07 UTC] [ERROR] update_process: 공정 순서 오류: 이전 공정(MOUNTER)이 완료되지 않았습니다.
[12-Aug-2026 23:12:14 UTC] [ERROR] update_process: 공정 순서 오류: 이전 공정(REFLOW)이 완료되지 않았습니다.
[12-Aug-2026 23:12:15 UTC] [ERROR] update_process: 공정 순서 오류: 이전 공정(DIP_AOI)이 완료되지 않았습니다.
[12-Aug-2026 23:12:20 UTC] [ERROR] update_process: 공정 순서 오류: 바코드가 대기(WAIT) 상태가 아닙니다. 현재: SHIPPING
[12-Aug-2026 23:12:25 UTC] [ERROR] update_process: 공정 순서 오류: 이전 공정(LASER)이 완료되지 않았습니다.
[12-Aug-2026 23:12:30 UTC] [ERROR] update_process: 공정 순서 오류: 이전 공정(SPI)이 완료되지 않았습니다.
[12-Aug-2026 23:12:35 UTC] [ERROR] update_process: 공정 순서 오류: 이전 공정(MOUNTER)이 완료되지 않았습니다.
[12-Aug-2026 23:12:40 UTC] [ERROR] update_process: 공정 순서 오류: 이전 공정(REFLOW)이 완료되지 않았습니다.
[12-Aug-2026 23:12:44 UTC] [ERROR] update_process: 공정 순서 오류: 이전 공정(DIP_AOI)이 완료되지 않았습니다.
[12-Aug-2026 23:12:49 UTC] [ERROR] update_process: 공정 순서 오류: 바코드가 대기(WAIT) 상태가 아닙니다. 현재: SHIPPING
[12-Aug-2026 23:12:54 UTC] [ERROR] update_process: 공정 순서 오류: 이전 공정(LASER)이 완료되지 않았습니다.
[12-Aug-2026 23:12:59 UTC] [ERROR] update_process: 공정 순서 오류: 이전 공정(SPI)이 완료되지 않았습니다.
[12-Aug-2026 23:13:04 UTC] [ERROR] update_process: 공정 순서 오류: 이전 공정(MOUNTER)이 완료되지 않았습니다.
[12-Aug-2026 23:13:09 UTC] [ERROR] update_process: 공정 순서 오류: 이전 공정(REFLOW)이 완료되지 않았습니다.
[12-Aug-2026 23:13:12 UTC] [ERROR] update_process: 공정 순서 오류: 이전 공정(DIP_AOI)이 완료되지 않았습니다.
[12-Aug-2026 23:13:17 UTC] [ERROR] update_process: 공정 순서 오류: 바코드가 대기(WAIT) 상태가 아닙니다. 현재: SHIPPING
[12-Aug-2026 23:13:22 UTC] [ERROR] update_process: 공정 순서 오류: 이전 공정(LASER)이 완료되지 않았습니다.
[12-Aug-2026 23:13:27 UTC] [ERROR] update_process: 공정 순서 오류: 이전 공정(SPI)이 완료되지 않았습니다.
[12-Aug-2026 23:13:32 UTC] [ERROR] update_process: 공정 순서 오류: 이전 공정(MOUNTER)이 완료되지 않았습니다.
[12-Aug-2026 23:13:37 UTC] [ERROR] update_process: 공정 순서 오류: 이전 공정(REFLOW)이 완료되지 않았습니다.
[12-Aug-2026 23:13:40 UTC] [ERROR] update_process: 공정 순서 오류: 이전 공정(DIP_AOI)이 완료되지 않았습니다.
[12-Aug-2026 23:13:45 UTC] [ERROR] update_process: 공정 순서 오류: 바코드가 대기(WAIT) 상태가 아닙니다. 현재: SHIPPING
[12-Aug-2026 23:13:50 UTC] [ERROR] update_process: 공정 순서 오류: 이전 공정(LASER)이 완료되지 않았습니다.
[12-Aug-2026 23:13:55 UTC] [ERROR] update_process: 공정 순서 오류: 이전 공정(SPI)이 완료되지 않았습니다.
[12-Aug-2026 23:14:00 UTC] [ERROR] update_process: 공정 순서 오류: 이전 공정(MOUNTER)이 완료되지 않았습니다.
[12-Aug-2026 23:14:05 UTC] [ERROR] update_process: 공정 순서 오류: 이전 공정(REFLOW)이 완료되지 않았습니다.
[12-Aug-2026 23:14:09 UTC] [ERROR] update_process: 공정 순서 오류: 이전 공정(DIP_AOI)이 완료되지 않았습니다.
[12-Aug-2026 23:14:14 UTC] [ERROR] update_process: 공정 순서 오류: 바코드가 대기(WAIT) 상태가 아닙니다. 현재: SHIPPING
[12-Aug-2026 23:14:19 UTC] [ERROR] update_process: 공정 순서 오류: 이전 공정(LASER)이 완료되지 않았습니다.
[12-Aug-2026 23:14:24 UTC] [ERROR] update_process: 공정 순서 오류: 이전 공정(SPI)이 완료되지 않았습니다.
[12-Aug-2026 23:14:29 UTC] [ERROR] update_process: 공정 순서 오류: 이전 공정(MOUNTER)이 완료되지 않았습니다.
[12-Aug-2026 23:14:34 UTC] [ERROR] update_process: 공정 순서 오류: 이전 공정(REFLOW)이 완료되지 않았습니다.
[12-Aug-2026 23:14:37 UTC] [ERROR] update_process: 공정 순서 오류: 이전 공정(DIP_AOI)이 완료되지 않았습니다.
[12-Aug-2026 23:14:42 UTC] [ERROR] update_process: 공정 순서 오류: 바코드가 대기(WAIT) 상태가 아닙니다. 현재: SHIPPING
[12-Aug-2026 23:14:47 UTC] [ERROR] update_process: 공정 순서 오류: 이전 공정(LASER)이 완료되지 않았습니다.
[12-Aug-2026 23:14:52 UTC] [ERROR] update_process: 공정 순서 오류: 이전 공정(SPI)이 완료되지 않았습니다.
[12-Aug-2026 23:14:57 UTC] [ERROR] update_process: 공정 순서 오류: 이전 공정(MOUNTER)이 완료되지 않았습니다.
[12-Aug-2026 23:15:02 UTC] [ERROR] update_process: 공정 순서 오류: 이전 공정(REFLOW)이 완료되지 않았습니다.
[12-Aug-2026 23:16:05 UTC] [ERROR] update_process: 공정 순서 오류: 이전 공정(MOUNTER)이 완료되지 않았습니다.
[12-Aug-2026 23:16:07 UTC] [ERROR] update_process: 공정 순서 오류: 이전 공정(REFLOW)이 완료되지 않았습니다.
[12-Aug-2026 23:16:12 UTC] [ERROR] update_process: 공정 순서 오류: 이전 공정(DIP_AOI)이 완료되지 않았습니다.
[12-Aug-2026 23:16:17 UTC] [ERROR] update_process: 공정 순서 오류: 바코드가 대기(WAIT) 상태가 아닙니다. 현재: SHIPPING
[12-Aug-2026 23:16:22 UTC] [ERROR] update_process: 공정 순서 오류: 이전 공정(LASER)이 완료되지 않았습니다.
[12-Aug-2026 23:16:27 UTC] [ERROR] update_process: 공정 순서 오류: 이전 공정(SPI)이 완료되지 않았습니다.
[12-Aug-2026 23:16:29 UTC] [ERROR] update_process: 공정 순서 오류: 이전 공정(MOUNTER)이 완료되지 않았습니다.
[12-Aug-2026 23:16:30 UTC] [ERROR] update_process: 공정 순서 오류: 이전 공정(REFLOW)이 완료되지 않았습니다.
[12-Aug-2026 23:16:35 UTC] [ERROR] update_process: 공정 순서 오류: 이전 공정(DIP_AOI)이 완료되지 않았습니다.
[12-Aug-2026 23:16:39 UTC] [ERROR] update_process: 공정 순서 오류: 바코드가 대기(WAIT) 상태가 아닙니다. 현재: SHIPPING
[12-Aug-2026 23:16:40 UTC] [ERROR] update_process: 공정 순서 오류: 이전 공정(LASER)이 완료되지 않았습니다.
[12-Aug-2026 23:16:45 UTC] [ERROR] update_process: 공정 순서 오류: 이전 공정(SPI)이 완료되지 않았습니다.
[12-Aug-2026 23:16:50 UTC] [ERROR] update_process: 공정 순서 오류: 이전 공정(MOUNTER)이 완료되지 않았습니다.
[12-Aug-2026 23:16:55 UTC] [ERROR] update_process: 공정 순서 오류: 이전 공정(REFLOW)이 완료되지 않았습니다.
[12-Aug-2026 23:16:59 UTC] [ERROR] update_process: 공정 순서 오류: 이전 공정(DIP_AOI)이 완료되지 않았습니다.
[12-Aug-2026 23:17:04 UTC] [ERROR] update_process: 공정 순서 오류: 바코드가 대기(WAIT) 상태가 아닙니다. 현재: SHIPPING
[12-Aug-2026 23:17:09 UTC] [ERROR] update_process: 공정 순서 오류: 이전 공정(LASER)이 완료되지 않았습니다.
[12-Aug-2026 23:17:14 UTC] [ERROR] update_process: 공정 순서 오류: 이전 공정(SPI)이 완료되지 않았습니다.
[12-Aug-2026 23:17:19 UTC] [ERROR] update_process: 공정 순서 오류: 이전 공정(MOUNTER)이 완료되지 않았습니다.
[12-Aug-2026 23:17:24 UTC] [ERROR] update_process: 공정 순서 오류: 이전 공정(REFLOW)이 완료되지 않았습니다.
[12-Aug-2026 23:17:27 UTC] [ERROR] update_process: 공정 순서 오류: 이전 공정(DIP_AOI)이 완료되지 않았습니다.
[12-Aug-2026 23:17:32 UTC] [ERROR] update_process: 공정 순서 오류: 바코드가 대기(WAIT) 상태가 아닙니다. 현재: SHIPPING
[12-Aug-2026 23:17:37 UTC] [ERROR] update_process: 공정 순서 오류: 이전 공정(LASER)이 완료되지 않았습니다.
[12-Aug-2026 23:17:42 UTC] [ERROR] update_process: 공정 순서 오류: 이전 공정(SPI)이 완료되지 않았습니다.
[12-Aug-2026 23:17:46 UTC] [ERROR] update_process: 공정 순서 오류: 이전 공정(MOUNTER)이 완료되지 않았습니다.
[12-Aug-2026 23:17:47 UTC] [ERROR] update_process: 공정 순서 오류: 이전 공정(REFLOW)이 완료되지 않았습니다.
[12-Aug-2026 23:17:52 UTC] [ERROR] update_process: 공정 순서 오류: 이전 공정(DIP_AOI)이 완료되지 않았습니다.
[12-Aug-2026 23:17:56 UTC] [ERROR] update_process: 공정 순서 오류: 바코드가 대기(WAIT) 상태가 아닙니다. 현재: SHIPPING
[12-Aug-2026 23:18:01 UTC] [ERROR] update_process: 공정 순서 오류: 이전 공정(LASER)이 완료되지 않았습니다.
[12-Aug-2026 23:18:06 UTC] [ERROR] update_process: 공정 순서 오류: 이전 공정(SPI)이 완료되지 않았습니다.
[12-Aug-2026 23:18:11 UTC] [ERROR] update_process: 공정 순서 오류: 이전 공정(MOUNTER)이 완료되지 않았습니다.
[12-Aug-2026 23:18:16 UTC] [ERROR] update_process: 공정 순서 오류: 이전 공정(REFLOW)이 완료되지 않았습니다.
[12-Aug-2026 23:18:19 UTC] [ERROR] update_process: 공정 순서 오류: 이전 공정(DIP_AOI)이 완료되지 않았습니다.
[12-Aug-2026 23:18:21 UTC] [ERROR] update_process: 공정 순서 오류: 바코드가 대기(WAIT) 상태가 아닙니다. 현재: SHIPPING
[12-Aug-2026 23:18:24 UTC] [ERROR] update_process: 공정 순서 오류: 이전 공정(LASER)이 완료되지 않았습니다.
[12-Aug-2026 23:18:29 UTC] [ERROR] update_process: 공정 순서 오류: 이전 공정(SPI)이 완료되지 않았습니다.
[12-Aug-2026 23:18:34 UTC] [ERROR] update_process: 공정 순서 오류: 이전 공정(MOUNTER)이 완료되지 않았습니다.
[12-Aug-2026 23:18:39 UTC] [ERROR] update_process: 공정 순서 오류: 이전 공정(REFLOW)이 완료되지 않았습니다.
[12-Aug-2026 23:18:44 UTC] [ERROR] update_process: 공정 순서 오류: 이전 공정(DIP_AOI)이 완료되지 않았습니다.
[12-Aug-2026 23:18:49 UTC] [ERROR] update_process: 공정 순서 오류: 바코드가 대기(WAIT) 상태가 아닙니다. 현재: SHIPPING
[12-Aug-2026 23:18:56 UTC] [ERROR] update_process: 공정 순서 오류: 바코드가 대기(WAIT) 상태가 아닙니다. 현재: SHIPPING
[12-Aug-2026 23:18:57 UTC] [ERROR] update_process: 공정 순서 오류: 이전 공정(LASER)이 완료되지 않았습니다.
[12-Aug-2026 23:19:01 UTC] [ERROR] update_process: 공정 순서 오류: 바코드가 대기(WAIT) 상태가 아닙니다. 현재: SHIPPING
[12-Aug-2026 23:19:01 UTC] [ERROR] update_process: 공정 순서 오류: 이전 공정(SPI)이 완료되지 않았습니다.
[12-Aug-2026 23:19:06 UTC] [ERROR] update_process: 공정 순서 오류: 이전 공정(MOUNTER)이 완료되지 않았습니다.
[12-Aug-2026 23:19:11 UTC] [ERROR] update_process: 공정 순서 오류: 이전 공정(REFLOW)이 완료되지 않았습니다.
[12-Aug-2026 23:19:16 UTC] [ERROR] update_process: 공정 순서 오류: 이전 공정(DIP_AOI)이 완료되지 않았습니다.
[12-Aug-2026 23:19:30 UTC] [ERROR] update_process: 공정 순서 오류: 이전 공정(LASER)이 완료되지 않았습니다.
[12-Aug-2026 23:19:33 UTC] [ERROR] update_process: 공정 순서 오류: 이전 공정(SPI)이 완료되지 않았습니다.
[12-Aug-2026 23:19:36 UTC] [ERROR] update_process: 공정 순서 오류: 이전 공정(MOUNTER)이 완료되지 않았습니다.
[12-Aug-2026 23:19:40 UTC] [ERROR] update_process: 공정 순서 오류: 이전 공정(REFLOW)이 완료되지 않았습니다.
[12-Aug-2026 23:19:44 UTC] [ERROR] update_process: 공정 순서 오류: 이전 공정(DIP_AOI)이 완료되지 않았습니다.
[12-Aug-2026 23:19:48 UTC] [ERROR] update_process: 공정 순서 오류: 바코드가 대기(WAIT) 상태가 아닙니다. 현재: SHIPPING
[12-Aug-2026 23:19:53 UTC] [ERROR] update_process: 공정 순서 오류: 이전 공정(LASER)이 완료되지 않았습니다.
[12-Aug-2026 23:19:58 UTC] [ERROR] update_process: 공정 순서 오류: 이전 공정(SPI)이 완료되지 않았습니다.
[12-Aug-2026 23:20:03 UTC] [ERROR] update_process: 공정 순서 오류: 이전 공정(MOUNTER)이 완료되지 않았습니다.
[12-Aug-2026 23:20:08 UTC] [ERROR] update_process: 공정 순서 오류: 이전 공정(REFLOW)이 완료되지 않았습니다.
[12-Aug-2026 23:20:13 UTC] [ERROR] update_process: 공정 순서 오류: 이전 공정(DIP_AOI)이 완료되지 않았습니다.
[12-Aug-2026 23:20:16 UTC] [ERROR] update_process: 공정 순서 오류: 바코드가 대기(WAIT) 상태가 아닙니다. 현재: SHIPPING
[12-Aug-2026 23:20:21 UTC] [ERROR] update_process: 공정 순서 오류: 이전 공정(LASER)이 완료되지 않았습니다.
[12-Aug-2026 23:20:26 UTC] [ERROR] update_process: 공정 순서 오류: 이전 공정(SPI)이 완료되지 않았습니다.
[12-Aug-2026 23:20:31 UTC] [ERROR] update_process: 공정 순서 오류: 이전 공정(MOUNTER)이 완료되지 않았습니다.
[12-Aug-2026 23:20:36 UTC] [ERROR] update_process: 공정 순서 오류: 이전 공정(REFLOW)이 완료되지 않았습니다.
[12-Aug-2026 23:20:41 UTC] [ERROR] update_process: 공정 순서 오류: 이전 공정(DIP_AOI)이 완료되지 않았습니다.
[12-Aug-2026 23:20:44 UTC] [ERROR] update_process: 공정 순서 오류: 바코드가 대기(WAIT) 상태가 아닙니다. 현재: SHIPPING
[12-Aug-2026 23:20:44 UTC] [ERROR] update_process: 공정 순서 오류: 이전 공정(LASER)이 완료되지 않았습니다.
[12-Aug-2026 23:20:49 UTC] [ERROR] update_process: 공정 순서 오류: 이전 공정(SPI)이 완료되지 않았습니다.
[12-Aug-2026 23:20:54 UTC] [ERROR] update_process: 공정 순서 오류: 이전 공정(MOUNTER)이 완료되지 않았습니다.
[12-Aug-2026 23:20:59 UTC] [ERROR] update_process: 공정 순서 오류: 이전 공정(REFLOW)이 완료되지 않았습니다.
[12-Aug-2026 23:21:04 UTC] [ERROR] update_process: 공정 순서 오류: 이전 공정(DIP_AOI)이 완료되지 않았습니다.
[12-Aug-2026 23:21:09 UTC] [ERROR] update_process: 공정 순서 오류: 바코드가 대기(WAIT) 상태가 아닙니다. 현재: SHIPPING
[12-Aug-2026 23:21:13 UTC] [ERROR] update_process: 공정 순서 오류: 이전 공정(LASER)이 완료되지 않았습니다.
[12-Aug-2026 23:21:15 UTC] [ERROR] update_process: 공정 순서 오류: 이전 공정(SPI)이 완료되지 않았습니다.
[12-Aug-2026 23:21:18 UTC] [ERROR] update_process: 공정 순서 오류: 이전 공정(MOUNTER)이 완료되지 않았습니다.
[12-Aug-2026 23:21:23 UTC] [ERROR] update_process: 공정 순서 오류: 이전 공정(REFLOW)이 완료되지 않았습니다.
[12-Aug-2026 23:21:28 UTC] [ERROR] update_process: 공정 순서 오류: 이전 공정(DIP_AOI)이 완료되지 않았습니다.
[12-Aug-2026 23:21:33 UTC] [ERROR] update_process: 공정 순서 오류: 바코드가 대기(WAIT) 상태가 아닙니다. 현재: SHIPPING
[12-Aug-2026 23:21:38 UTC] [ERROR] update_process: 공정 순서 오류: 이전 공정(LASER)이 완료되지 않았습니다.
[12-Aug-2026 23:21:39 UTC] [ERROR] update_process: 공정 순서 오류: 이전 공정(SPI)이 완료되지 않았습니다.
[12-Aug-2026 23:21:41 UTC] [ERROR] update_process: 공정 순서 오류: 이전 공정(MOUNTER)이 완료되지 않았습니다.
[12-Aug-2026 23:21:46 UTC] [ERROR] update_process: 공정 순서 오류: 이전 공정(REFLOW)이 완료되지 않았습니다.
[12-Aug-2026 23:21:51 UTC] [ERROR] update_process: 공정 순서 오류: 이전 공정(DIP_AOI)이 완료되지 않았습니다.
[12-Aug-2026 23:21:56 UTC] [ERROR] update_process: 공정 순서 오류: 바코드가 대기(WAIT) 상태가 아닙니다. 현재: SHIPPING
[12-Aug-2026 23:22:01 UTC] [ERROR] update_process: 공정 순서 오류: 이전 공정(LASER)이 완료되지 않았습니다.
[12-Aug-2026 23:22:06 UTC] [ERROR] update_process: 공정 순서 오류: 이전 공정(SPI)이 완료되지 않았습니다.
[12-Aug-2026 23:22:10 UTC] [ERROR] update_process: 공정 순서 오류: 이전 공정(MOUNTER)이 완료되지 않았습니다.
[12-Aug-2026 23:22:15 UTC] [ERROR] update_process: 공정 순서 오류: 이전 공정(REFLOW)이 완료되지 않았습니다.
[12-Aug-2026 23:22:20 UTC] [ERROR] update_process: 공정 순서 오류: 이전 공정(DIP_AOI)이 완료되지 않았습니다.
[12-Aug-2026 23:22:25 UTC] [ERROR] update_process: 공정 순서 오류: 바코드가 대기(WAIT) 상태가 아닙니다. 현재: SHIPPING
[12-Aug-2026 23:22:30 UTC] [ERROR] update_process: 공정 순서 오류: 이전 공정(LASER)이 완료되지 않았습니다.
[12-Aug-2026 23:22:31 UTC] [ERROR] update_process: 공정 순서 오류: 이전 공정(SPI)이 완료되지 않았습니다.
[12-Aug-2026 23:22:35 UTC] [ERROR] update_process: 공정 순서 오류: 이전 공정(MOUNTER)이 완료되지 않았습니다.
[12-Aug-2026 23:22:38 UTC] [ERROR] update_process: 공정 순서 오류: 이전 공정(REFLOW)이 완료되지 않았습니다.
[12-Aug-2026 23:22:43 UTC] [ERROR] update_process: 공정 순서 오류: 이전 공정(DIP_AOI)이 완료되지 않았습니다.
[12-Aug-2026 23:22:48 UTC] [ERROR] update_process: 공정 순서 오류: 바코드가 대기(WAIT) 상태가 아닙니다. 현재: SHIPPING
[12-Aug-2026 23:22:53 UTC] [ERROR] update_process: 공정 순서 오류: 이전 공정(LASER)이 완료되지 않았습니다.
[12-Aug-2026 23:22:58 UTC] [ERROR] update_process: 공정 순서 오류: 이전 공정(SPI)이 완료되지 않았습니다.
[12-Aug-2026 23:23:03 UTC] [ERROR] update_process: 공정 순서 오류: 이전 공정(MOUNTER)이 완료되지 않았습니다.
[12-Aug-2026 23:23:06 UTC] [ERROR] update_process: 공정 순서 오류: 이전 공정(REFLOW)이 완료되지 않았습니다.
[12-Aug-2026 23:23:11 UTC] [ERROR] update_process: 공정 순서 오류: 이전 공정(DIP_AOI)이 완료되지 않았습니다.
[12-Aug-2026 23:23:16 UTC] [ERROR] update_process: 공정 순서 오류: 바코드가 대기(WAIT) 상태가 아닙니다. 현재: SHIPPING
[12-Aug-2026 23:23:20 UTC] [ERROR] update_process: 공정 순서 오류: 이전 공정(LASER)이 완료되지 않았습니다.
[12-Aug-2026 23:23:21 UTC] [ERROR] update_process: 공정 순서 오류: 이전 공정(SPI)이 완료되지 않았습니다.
[12-Aug-2026 23:23:26 UTC] [ERROR] update_process: 공정 순서 오류: 이전 공정(MOUNTER)이 완료되지 않았습니다.
[12-Aug-2026 23:23:31 UTC] [ERROR] update_process: 공정 순서 오류: 이전 공정(REFLOW)이 완료되지 않았습니다.
[12-Aug-2026 23:23:35 UTC] [ERROR] update_process: 공정 순서 오류: 이전 공정(DIP_AOI)이 완료되지 않았습니다.
[12-Aug-2026 23:23:40 UTC] [ERROR] update_process: 공정 순서 오류: 바코드가 대기(WAIT) 상태가 아닙니다. 현재: SHIPPING
[12-Aug-2026 23:23:42 UTC] [ERROR] update_process: 공정 순서 오류: 이전 공정(LASER)이 완료되지 않았습니다.
[12-Aug-2026 23:23:45 UTC] [ERROR] update_process: 공정 순서 오류: 이전 공정(SPI)이 완료되지 않았습니다.
[12-Aug-2026 23:23:50 UTC] [ERROR] update_process: 공정 순서 오류: 이전 공정(MOUNTER)이 완료되지 않았습니다.
[12-Aug-2026 23:23:55 UTC] [ERROR] update_process: 공정 순서 오류: 이전 공정(REFLOW)이 완료되지 않았습니다.
[12-Aug-2026 23:24:00 UTC] [ERROR] update_process: 공정 순서 오류: 이전 공정(DIP_AOI)이 완료되지 않았습니다.
[12-Aug-2026 23:24:03 UTC] [ERROR] update_process: 공정 순서 오류: 바코드가 대기(WAIT) 상태가 아닙니다. 현재: SHIPPING
[12-Aug-2026 23:24:08 UTC] [ERROR] update_process: 공정 순서 오류: 이전 공정(LASER)이 완료되지 않았습니다.
[12-Aug-2026 23:24:13 UTC] [ERROR] update_process: 공정 순서 오류: 이전 공정(SPI)이 완료되지 않았습니다.
[12-Aug-2026 23:24:18 UTC] [ERROR] update_process: 공정 순서 오류: 이전 공정(MOUNTER)이 완료되지 않았습니다.
[12-Aug-2026 23:24:23 UTC] [ERROR] update_process: 공정 순서 오류: 이전 공정(REFLOW)이 완료되지 않았습니다.
[12-Aug-2026 23:24:28 UTC] [ERROR] update_process: 공정 순서 오류: 이전 공정(DIP_AOI)이 완료되지 않았습니다.
[12-Aug-2026 23:25:00 UTC] [ERROR] update_process: 공정 순서 오류: 바코드가 대기(WAIT) 상태가 아닙니다. 현재: SHIPPING
[12-Aug-2026 23:25:05 UTC] [ERROR] update_process: 공정 순서 오류: 이전 공정(LASER)이 완료되지 않았습니다.
[12-Aug-2026 23:25:10 UTC] [ERROR] update_process: 공정 순서 오류: 이전 공정(SPI)이 완료되지 않았습니다.
[12-Aug-2026 23:25:15 UTC] [ERROR] update_process: 공정 순서 오류: 이전 공정(MOUNTER)이 완료되지 않았습니다.
[12-Aug-2026 23:25:20 UTC] [ERROR] update_process: 공정 순서 오류: 이전 공정(REFLOW)이 완료되지 않았습니다.
[12-Aug-2026 23:25:25 UTC] [ERROR] update_process: 공정 순서 오류: 이전 공정(DIP_AOI)이 완료되지 않았습니다.
[12-Aug-2026 23:25:28 UTC] [ERROR] update_process: 공정 순서 오류: 바코드가 대기(WAIT) 상태가 아닙니다. 현재: SHIPPING
[12-Aug-2026 23:25:33 UTC] [ERROR] update_process: 공정 순서 오류: 이전 공정(LASER)이 완료되지 않았습니다.
[12-Aug-2026 23:25:38 UTC] [ERROR] update_process: 공정 순서 오류: 이전 공정(SPI)이 완료되지 않았습니다.
[12-Aug-2026 23:25:43 UTC] [ERROR] update_process: 공정 순서 오류: 이전 공정(MOUNTER)이 완료되지 않았습니다.
[12-Aug-2026 23:25:48 UTC] [ERROR] update_process: 공정 순서 오류: 이전 공정(REFLOW)이 완료되지 않았습니다.
[12-Aug-2026 23:25:53 UTC] [ERROR] update_process: 공정 순서 오류: 이전 공정(DIP_AOI)이 완료되지 않았습니다.
[12-Aug-2026 23:25:56 UTC] [ERROR] update_process: 공정 순서 오류: 바코드가 대기(WAIT) 상태가 아닙니다. 현재: SHIPPING
[12-Aug-2026 23:26:01 UTC] [ERROR] update_process: 공정 순서 오류: 이전 공정(LASER)이 완료되지 않았습니다.
[12-Aug-2026 23:26:06 UTC] [ERROR] update_process: 공정 순서 오류: 이전 공정(SPI)이 완료되지 않았습니다.
[12-Aug-2026 23:26:11 UTC] [ERROR] update_process: 공정 순서 오류: 이전 공정(MOUNTER)이 완료되지 않았습니다.
[12-Aug-2026 23:26:16 UTC] [ERROR] update_process: 공정 순서 오류: 이전 공정(REFLOW)이 완료되지 않았습니다.
[12-Aug-2026 23:26:21 UTC] [ERROR] update_process: 공정 순서 오류: 이전 공정(DIP_AOI)이 완료되지 않았습니다.
[12-Aug-2026 23:26:25 UTC] [ERROR] update_process: 공정 순서 오류: 바코드가 대기(WAIT) 상태가 아닙니다. 현재: SHIPPING
[12-Aug-2026 23:26:30 UTC] [ERROR] update_process: 공정 순서 오류: 이전 공정(LASER)이 완료되지 않았습니다.
[12-Aug-2026 23:26:35 UTC] [ERROR] update_process: 공정 순서 오류: 이전 공정(SPI)이 완료되지 않았습니다.
[12-Aug-2026 23:26:40 UTC] [ERROR] update_process: 공정 순서 오류: 이전 공정(MOUNTER)이 완료되지 않았습니다.
[12-Aug-2026 23:26:45 UTC] [ERROR] update_process: 공정 순서 오류: 이전 공정(REFLOW)이 완료되지 않았습니다.
[12-Aug-2026 23:26:50 UTC] [ERROR] update_process: 공정 순서 오류: 이전 공정(DIP_AOI)이 완료되지 않았습니다.
[12-Aug-2026 23:26:53 UTC] [ERROR] update_process: 공정 순서 오류: 바코드가 대기(WAIT) 상태가 아닙니다. 현재: SHIPPING
[12-Aug-2026 23:26:58 UTC] [ERROR] update_process: 공정 순서 오류: 이전 공정(LASER)이 완료되지 않았습니다.
[12-Aug-2026 23:27:03 UTC] [ERROR] update_process: 공정 순서 오류: 이전 공정(SPI)이 완료되지 않았습니다.
[12-Aug-2026 23:27:08 UTC] [ERROR] update_process: 공정 순서 오류: 이전 공정(MOUNTER)이 완료되지 않았습니다.
[12-Aug-2026 23:27:13 UTC] [ERROR] update_process: 공정 순서 오류: 이전 공정(REFLOW)이 완료되지 않았습니다.
[12-Aug-2026 23:27:18 UTC] [ERROR] update_process: 공정 순서 오류: 이전 공정(DIP_AOI)이 완료되지 않았습니다.
[12-Aug-2026 23:27:21 UTC] [ERROR] update_process: 공정 순서 오류: 바코드가 대기(WAIT) 상태가 아닙니다. 현재: SHIPPING
[12-Aug-2026 23:27:26 UTC] [ERROR] update_process: 공정 순서 오류: 이전 공정(LASER)이 완료되지 않았습니다.
[12-Aug-2026 23:27:31 UTC] [ERROR] update_process: 공정 순서 오류: 이전 공정(SPI)이 완료되지 않았습니다.
[12-Aug-2026 23:27:36 UTC] [ERROR] update_process: 공정 순서 오류: 이전 공정(MOUNTER)이 완료되지 않았습니다.
[12-Aug-2026 23:27:41 UTC] [ERROR] update_process: 공정 순서 오류: 이전 공정(REFLOW)이 완료되지 않았습니다.
[12-Aug-2026 23:27:46 UTC] [ERROR] update_process: 공정 순서 오류: 이전 공정(DIP_AOI)이 완료되지 않았습니다.
[12-Aug-2026 23:27:50 UTC] [ERROR] update_process: 공정 순서 오류: 바코드가 대기(WAIT) 상태가 아닙니다. 현재: SHIPPING
[12-Aug-2026 23:27:59 UTC] [ERROR] update_process: 공정 순서 오류: 이전 공정(LASER)이 완료되지 않았습니다.
[12-Aug-2026 23:28:00 UTC] [ERROR] update_process: 공정 순서 오류: 이전 공정(SPI)이 완료되지 않았습니다.
[12-Aug-2026 23:28:05 UTC] [ERROR] update_process: 공정 순서 오류: 이전 공정(MOUNTER)이 완료되지 않았습니다.
[12-Aug-2026 23:28:10 UTC] [ERROR] update_process: 공정 순서 오류: 이전 공정(REFLOW)이 완료되지 않았습니다.
[12-Aug-2026 23:28:15 UTC] [ERROR] update_process: 공정 순서 오류: 이전 공정(DIP_AOI)이 완료되지 않았습니다.
[12-Aug-2026 23:28:18 UTC] [ERROR] update_process: 공정 순서 오류: 바코드가 대기(WAIT) 상태가 아닙니다. 현재: SHIPPING
[12-Aug-2026 23:28:23 UTC] [ERROR] update_process: 공정 순서 오류: 이전 공정(LASER)이 완료되지 않았습니다.
[12-Aug-2026 23:28:28 UTC] [ERROR] update_process: 공정 순서 오류: 이전 공정(SPI)이 완료되지 않았습니다.
[12-Aug-2026 23:28:33 UTC] [ERROR] update_process: 공정 순서 오류: 이전 공정(MOUNTER)이 완료되지 않았습니다.
[12-Aug-2026 23:28:38 UTC] [ERROR] update_process: 공정 순서 오류: 이전 공정(REFLOW)이 완료되지 않았습니다.
[12-Aug-2026 23:28:43 UTC] [ERROR] update_process: 공정 순서 오류: 이전 공정(DIP_AOI)이 완료되지 않았습니다.
[12-Aug-2026 23:28:46 UTC] [ERROR] update_process: 공정 순서 오류: 바코드가 대기(WAIT) 상태가 아닙니다. 현재: SHIPPING
[12-Aug-2026 23:28:51 UTC] [ERROR] update_process: 공정 순서 오류: 이전 공정(LASER)이 완료되지 않았습니다.
[12-Aug-2026 23:28:56 UTC] [ERROR] update_process: 공정 순서 오류: 이전 공정(SPI)이 완료되지 않았습니다.
[12-Aug-2026 23:29:01 UTC] [ERROR] update_process: 공정 순서 오류: 이전 공정(MOUNTER)이 완료되지 않았습니다.
[12-Aug-2026 23:29:06 UTC] [ERROR] update_process: 공정 순서 오류: 이전 공정(REFLOW)이 완료되지 않았습니다.
[12-Aug-2026 23:29:11 UTC] [ERROR] update_process: 공정 순서 오류: 이전 공정(DIP_AOI)이 완료되지 않았습니다.
[12-Aug-2026 23:29:15 UTC] [ERROR] update_process: 공정 순서 오류: 바코드가 대기(WAIT) 상태가 아닙니다. 현재: SHIPPING
[12-Aug-2026 23:29:20 UTC] [ERROR] update_process: 공정 순서 오류: 이전 공정(LASER)이 완료되지 않았습니다.
[12-Aug-2026 23:29:25 UTC] [ERROR] update_process: 공정 순서 오류: 이전 공정(SPI)이 완료되지 않았습니다.
[12-Aug-2026 23:29:30 UTC] [ERROR] update_process: 공정 순서 오류: 이전 공정(MOUNTER)이 완료되지 않았습니다.
[12-Aug-2026 23:29:35 UTC] [ERROR] update_process: 공정 순서 오류: 이전 공정(REFLOW)이 완료되지 않았습니다.
[12-Aug-2026 23:29:40 UTC] [ERROR] update_process: 공정 순서 오류: 이전 공정(DIP_AOI)이 완료되지 않았습니다.
[12-Aug-2026 23:29:43 UTC] [ERROR] update_process: 공정 순서 오류: 바코드가 대기(WAIT) 상태가 아닙니다. 현재: SHIPPING
[12-Aug-2026 23:29:48 UTC] [ERROR] update_process: 공정 순서 오류: 이전 공정(LASER)이 완료되지 않았습니다.
[12-Aug-2026 23:29:53 UTC] [ERROR] update_process: 공정 순서 오류: 이전 공정(SPI)이 완료되지 않았습니다.
[12-Aug-2026 23:29:58 UTC] [ERROR] update_process: 공정 순서 오류: 이전 공정(MOUNTER)이 완료되지 않았습니다.
[12-Aug-2026 23:30:03 UTC] [ERROR] update_process: 공정 순서 오류: 이전 공정(REFLOW)이 완료되지 않았습니다.
[12-Aug-2026 23:30:08 UTC] [ERROR] update_process: 공정 순서 오류: 이전 공정(DIP_AOI)이 완료되지 않았습니다.
[12-Aug-2026 23:30:11 UTC] [ERROR] update_process: 공정 순서 오류: 바코드가 대기(WAIT) 상태가 아닙니다. 현재: SHIPPING
[12-Aug-2026 23:30:16 UTC] [ERROR] update_process: 공정 순서 오류: 이전 공정(LASER)이 완료되지 않았습니다.
[12-Aug-2026 23:30:21 UTC] [ERROR] update_process: 공정 순서 오류: 이전 공정(SPI)이 완료되지 않았습니다.
[12-Aug-2026 23:30:26 UTC] [ERROR] update_process: 공정 순서 오류: 이전 공정(MOUNTER)이 완료되지 않았습니다.
[12-Aug-2026 23:30:31 UTC] [ERROR] update_process: 공정 순서 오류: 이전 공정(REFLOW)이 완료되지 않았습니다.
[12-Aug-2026 23:30:36 UTC] [ERROR] update_process: 공정 순서 오류: 이전 공정(DIP_AOI)이 완료되지 않았습니다.
[12-Aug-2026 23:30:40 UTC] [ERROR] update_process: 공정 순서 오류: 바코드가 대기(WAIT) 상태가 아닙니다. 현재: SHIPPING
[12-Aug-2026 23:30:44 UTC] [ERROR] update_process: 공정 순서 오류: 이전 공정(LASER)이 완료되지 않았습니다.
[12-Aug-2026 23:30:49 UTC] [ERROR] update_process: 공정 순서 오류: 이전 공정(SPI)이 완료되지 않았습니다.
[12-Aug-2026 23:30:54 UTC] [ERROR] update_process: 공정 순서 오류: 이전 공정(MOUNTER)이 완료되지 않았습니다.
[12-Aug-2026 23:30:59 UTC] [ERROR] update_process: 공정 순서 오류: 이전 공정(REFLOW)이 완료되지 않았습니다.
[12-Aug-2026 23:31:04 UTC] [ERROR] update_process: 공정 순서 오류: 이전 공정(DIP_AOI)이 완료되지 않았습니다.
[12-Aug-2026 23:31:08 UTC] [ERROR] update_process: 공정 순서 오류: 바코드가 대기(WAIT) 상태가 아닙니다. 현재: SHIPPING
[12-Aug-2026 23:31:13 UTC] [ERROR] update_process: 공정 순서 오류: 이전 공정(LASER)이 완료되지 않았습니다.
[12-Aug-2026 23:31:18 UTC] [ERROR] update_process: 공정 순서 오류: 이전 공정(SPI)이 완료되지 않았습니다.
[12-Aug-2026 23:31:23 UTC] [ERROR] update_process: 공정 순서 오류: 이전 공정(MOUNTER)이 완료되지 않았습니다.
[12-Aug-2026 23:31:28 UTC] [ERROR] update_process: 공정 순서 오류: 이전 공정(REFLOW)이 완료되지 않았습니다.
[12-Aug-2026 23:31:33 UTC] [ERROR] update_process: 공정 순서 오류: 이전 공정(DIP_AOI)이 완료되지 않았습니다.
[12-Aug-2026 23:31:36 UTC] [ERROR] update_process: 공정 순서 오류: 바코드가 대기(WAIT) 상태가 아닙니다. 현재: SHIPPING
[12-Aug-2026 23:31:41 UTC] [ERROR] update_process: 공정 순서 오류: 이전 공정(LASER)이 완료되지 않았습니다.
[12-Aug-2026 23:31:46 UTC] [ERROR] update_process: 공정 순서 오류: 이전 공정(SPI)이 완료되지 않았습니다.
[12-Aug-2026 23:31:51 UTC] [ERROR] update_process: 공정 순서 오류: 이전 공정(MOUNTER)이 완료되지 않았습니다.
[12-Aug-2026 23:31:56 UTC] [ERROR] update_process: 공정 순서 오류: 이전 공정(REFLOW)이 완료되지 않았습니다.
[12-Aug-2026 23:32:01 UTC] [ERROR] update_process: 공정 순서 오류: 이전 공정(DIP_AOI)이 완료되지 않았습니다.
[12-Aug-2026 23:32:04 UTC] [ERROR] update_process: 공정 순서 오류: 바코드가 대기(WAIT) 상태가 아닙니다. 현재: SHIPPING
[12-Aug-2026 23:32:09 UTC] [ERROR] update_process: 공정 순서 오류: 이전 공정(LASER)이 완료되지 않았습니다.
[12-Aug-2026 23:32:14 UTC] [ERROR] update_process: 공정 순서 오류: 이전 공정(SPI)이 완료되지 않았습니다.
[12-Aug-2026 23:32:19 UTC] [ERROR] update_process: 공정 순서 오류: 이전 공정(MOUNTER)이 완료되지 않았습니다.
[12-Aug-2026 23:32:24 UTC] [ERROR] update_process: 공정 순서 오류: 이전 공정(REFLOW)이 완료되지 않았습니다.
[12-Aug-2026 23:32:29 UTC] [ERROR] update_process: 공정 순서 오류: 이전 공정(DIP_AOI)이 완료되지 않았습니다.
[12-Aug-2026 23:32:33 UTC] [ERROR] update_process: 공정 순서 오류: 바코드가 대기(WAIT) 상태가 아닙니다. 현재: SHIPPING
[12-Aug-2026 23:32:38 UTC] [ERROR] update_process: 공정 순서 오류: 이전 공정(LASER)이 완료되지 않았습니다.
[12-Aug-2026 23:32:43 UTC] [ERROR] update_process: 공정 순서 오류: 이전 공정(SPI)이 완료되지 않았습니다.
[12-Aug-2026 23:32:48 UTC] [ERROR] update_process: 공정 순서 오류: 이전 공정(MOUNTER)이 완료되지 않았습니다.
[12-Aug-2026 23:32:53 UTC] [ERROR] update_process: 공정 순서 오류: 이전 공정(REFLOW)이 완료되지 않았습니다.
[12-Aug-2026 23:32:58 UTC] [ERROR] update_process: 공정 순서 오류: 이전 공정(DIP_AOI)이 완료되지 않았습니다.
[12-Aug-2026 23:33:01 UTC] [ERROR] update_process: 공정 순서 오류: 바코드가 대기(WAIT) 상태가 아닙니다. 현재: SHIPPING
[12-Aug-2026 23:33:06 UTC] [ERROR] update_process: 공정 순서 오류: 이전 공정(LASER)이 완료되지 않았습니다.
[12-Aug-2026 23:33:11 UTC] [ERROR] update_process: 공정 순서 오류: 이전 공정(SPI)이 완료되지 않았습니다.
[12-Aug-2026 23:33:16 UTC] [ERROR] update_process: 공정 순서 오류: 이전 공정(MOUNTER)이 완료되지 않았습니다.
[12-Aug-2026 23:33:21 UTC] [ERROR] update_process: 공정 순서 오류: 이전 공정(REFLOW)이 완료되지 않았습니다.
[12-Aug-2026 23:33:26 UTC] [ERROR] update_process: 공정 순서 오류: 이전 공정(DIP_AOI)이 완료되지 않았습니다.
[12-Aug-2026 23:33:29 UTC] [ERROR] update_process: 공정 순서 오류: 바코드가 대기(WAIT) 상태가 아닙니다. 현재: SHIPPING
[12-Aug-2026 23:33:34 UTC] [ERROR] update_process: 공정 순서 오류: 이전 공정(LASER)이 완료되지 않았습니다.
[12-Aug-2026 23:33:39 UTC] [ERROR] update_process: 공정 순서 오류: 이전 공정(SPI)이 완료되지 않았습니다.
[12-Aug-2026 23:33:44 UTC] [ERROR] update_process: 공정 순서 오류: 이전 공정(MOUNTER)이 완료되지 않았습니다.
[12-Aug-2026 23:33:49 UTC] [ERROR] update_process: 공정 순서 오류: 이전 공정(REFLOW)이 완료되지 않았습니다.
[12-Aug-2026 23:33:54 UTC] [ERROR] update_process: 공정 순서 오류: 이전 공정(DIP_AOI)이 완료되지 않았습니다.
[12-Aug-2026 23:33:58 UTC] [ERROR] update_process: 공정 순서 오류: 바코드가 대기(WAIT) 상태가 아닙니다. 현재: SHIPPING
[12-Aug-2026 23:34:03 UTC] [ERROR] update_process: 공정 순서 오류: 이전 공정(LASER)이 완료되지 않았습니다.
[12-Aug-2026 23:34:08 UTC] [ERROR] update_process: 공정 순서 오류: 이전 공정(SPI)이 완료되지 않았습니다.
[12-Aug-2026 23:34:13 UTC] [ERROR] update_process: 공정 순서 오류: 이전 공정(MOUNTER)이 완료되지 않았습니다.
[12-Aug-2026 23:34:18 UTC] [ERROR] update_process: 공정 순서 오류: 이전 공정(REFLOW)이 완료되지 않았습니다.
[12-Aug-2026 23:34:23 UTC] [ERROR] update_process: 공정 순서 오류: 이전 공정(DIP_AOI)이 완료되지 않았습니다.
[12-Aug-2026 23:34:26 UTC] [ERROR] update_process: 공정 순서 오류: 바코드가 대기(WAIT) 상태가 아닙니다. 현재: SHIPPING
[12-Aug-2026 23:34:31 UTC] [ERROR] update_process: 공정 순서 오류: 이전 공정(LASER)이 완료되지 않았습니다.
[12-Aug-2026 23:34:36 UTC] [ERROR] update_process: 공정 순서 오류: 이전 공정(SPI)이 완료되지 않았습니다.
[12-Aug-2026 23:34:41 UTC] [ERROR] update_process: 공정 순서 오류: 이전 공정(MOUNTER)이 완료되지 않았습니다.
[12-Aug-2026 23:34:46 UTC] [ERROR] update_process: 공정 순서 오류: 이전 공정(REFLOW)이 완료되지 않았습니다.
[12-Aug-2026 23:34:51 UTC] [ERROR] update_process: 공정 순서 오류: 이전 공정(DIP_AOI)이 완료되지 않았습니다.
[12-Aug-2026 23:34:54 UTC] [ERROR] update_process: 공정 순서 오류: 바코드가 대기(WAIT) 상태가 아닙니다. 현재: SHIPPING
[12-Aug-2026 23:34:59 UTC] [ERROR] update_process: 공정 순서 오류: 이전 공정(LASER)이 완료되지 않았습니다.
[12-Aug-2026 23:35:04 UTC] [ERROR] update_process: 공정 순서 오류: 이전 공정(SPI)이 완료되지 않았습니다.
[12-Aug-2026 23:35:09 UTC] [ERROR] update_process: 공정 순서 오류: 이전 공정(MOUNTER)이 완료되지 않았습니다.
[12-Aug-2026 23:35:14 UTC] [ERROR] update_process: 공정 순서 오류: 이전 공정(REFLOW)이 완료되지 않았습니다.
[12-Aug-2026 23:35:19 UTC] [ERROR] update_process: 공정 순서 오류: 이전 공정(DIP_AOI)이 완료되지 않았습니다.
[12-Aug-2026 23:35:23 UTC] [ERROR] update_process: 공정 순서 오류: 바코드가 대기(WAIT) 상태가 아닙니다. 현재: SHIPPING
[12-Aug-2026 23:35:28 UTC] [ERROR] update_process: 공정 순서 오류: 이전 공정(LASER)이 완료되지 않았습니다.
[12-Aug-2026 23:35:33 UTC] [ERROR] update_process: 공정 순서 오류: 이전 공정(SPI)이 완료되지 않았습니다.
[12-Aug-2026 23:35:38 UTC] [ERROR] update_process: 공정 순서 오류: 이전 공정(MOUNTER)이 완료되지 않았습니다.
[12-Aug-2026 23:35:43 UTC] [ERROR] update_process: 공정 순서 오류: 이전 공정(REFLOW)이 완료되지 않았습니다.
[12-Aug-2026 23:35:48 UTC] [ERROR] update_process: 공정 순서 오류: 이전 공정(DIP_AOI)이 완료되지 않았습니다.
[12-Aug-2026 23:35:51 UTC] [ERROR] update_process: 공정 순서 오류: 바코드가 대기(WAIT) 상태가 아닙니다. 현재: SHIPPING
[12-Aug-2026 23:35:56 UTC] [ERROR] update_process: 공정 순서 오류: 이전 공정(LASER)이 완료되지 않았습니다.
[12-Aug-2026 23:36:01 UTC] [ERROR] update_process: 공정 순서 오류: 이전 공정(SPI)이 완료되지 않았습니다.
[12-Aug-2026 23:36:06 UTC] [ERROR] update_process: 공정 순서 오류: 이전 공정(MOUNTER)이 완료되지 않았습니다.
[12-Aug-2026 23:36:11 UTC] [ERROR] update_process: 공정 순서 오류: 이전 공정(REFLOW)이 완료되지 않았습니다.
[12-Aug-2026 23:36:16 UTC] [ERROR] update_process: 공정 순서 오류: 이전 공정(DIP_AOI)이 완료되지 않았습니다.
[12-Aug-2026 23:36:19 UTC] [ERROR] update_process: 공정 순서 오류: 바코드가 대기(WAIT) 상태가 아닙니다. 현재: SHIPPING
[12-Aug-2026 23:36:24 UTC] [ERROR] update_process: 공정 순서 오류: 이전 공정(LASER)이 완료되지 않았습니다.
[12-Aug-2026 23:36:29 UTC] [ERROR] update_process: 공정 순서 오류: 이전 공정(SPI)이 완료되지 않았습니다.
[12-Aug-2026 23:36:34 UTC] [ERROR] update_process: 공정 순서 오류: 이전 공정(MOUNTER)이 완료되지 않았습니다.
[12-Aug-2026 23:36:39 UTC] [ERROR] update_process: 공정 순서 오류: 이전 공정(REFLOW)이 완료되지 않았습니다.
[12-Aug-2026 23:36:44 UTC] [ERROR] update_process: 공정 순서 오류: 이전 공정(DIP_AOI)이 완료되지 않았습니다.
[12-Aug-2026 23:36:48 UTC] [ERROR] update_process: 공정 순서 오류: 바코드가 대기(WAIT) 상태가 아닙니다. 현재: SHIPPING
[12-Aug-2026 23:36:53 UTC] [ERROR] update_process: 공정 순서 오류: 이전 공정(LASER)이 완료되지 않았습니다.
[12-Aug-2026 23:36:58 UTC] [ERROR] update_process: 공정 순서 오류: 이전 공정(SPI)이 완료되지 않았습니다.
[12-Aug-2026 23:37:03 UTC] [ERROR] update_process: 공정 순서 오류: 이전 공정(MOUNTER)이 완료되지 않았습니다.
[12-Aug-2026 23:37:10 UTC] [ERROR] update_process: 등록되지 않은 바코드입니다: WO-SIM-0001
[12-Aug-2026 23:37:15 UTC] [ERROR] update_process: 등록되지 않은 바코드입니다: WO-SIM-0001
[12-Aug-2026 23:37:15 UTC] [ERROR] update_process: 등록되지 않은 바코드입니다: WO-SIM-0002
[12-Aug-2026 23:37:18 UTC] [ERROR] update_process: 공정 순서 오류: 이전 공정(SPI)이 완료되지 않았습니다.
[12-Aug-2026 23:37:18 UTC] [ERROR] update_process: 공정 순서 오류: 이전 공정(LASER)이 완료되지 않았습니다.
[12-Aug-2026 23:37:23 UTC] [ERROR] update_process: 공정 순서 오류: 이전 공정(MOUNTER)이 완료되지 않았습니다.
[12-Aug-2026 23:37:23 UTC] [ERROR] update_process: 공정 순서 오류: 이전 공정(SPI)이 완료되지 않았습니다.
[12-Aug-2026 23:37:28 UTC] [ERROR] update_process: 공정 순서 오류: 이전 공정(REFLOW)이 완료되지 않았습니다.
[12-Aug-2026 23:37:28 UTC] [ERROR] update_process: 공정 순서 오류: 이전 공정(MOUNTER)이 완료되지 않았습니다.
[12-Aug-2026 23:37:33 UTC] [ERROR] update_process: 공정 순서 오류: 이전 공정(DIP_AOI)이 완료되지 않았습니다.
[12-Aug-2026 23:37:33 UTC] [ERROR] update_process: 공정 순서 오류: 이전 공정(REFLOW)이 완료되지 않았습니다.
[12-Aug-2026 23:37:38 UTC] [ERROR] update_process: 공정 순서 오류: 이전 공정(DIP_AOI)이 완료되지 않았습니다.
[12-Aug-2026 23:52:34 UTC] PHP Warning:  Undefined variable $processData in /home/gahz/next-mes/backend/api/update_process.php on line 111
[12-Aug-2026 23:52:34 UTC] PHP Warning:  Undefined variable $processData in /home/gahz/next-mes/backend/api/update_process.php on line 111
[12-Aug-2026 23:52:34 UTC] PHP Warning:  Undefined variable $processData in /home/gahz/next-mes/backend/api/update_process.php on line 111
[12-Aug-2026 23:52:34 UTC] PHP Warning:  Undefined variable $processData in /home/gahz/next-mes/backend/api/update_process.php on line 111
[12-Aug-2026 23:52:34 UTC] PHP Warning:  Undefined variable $processData in /home/gahz/next-mes/backend/api/update_process.php on line 111
[12-Aug-2026 23:52:34 UTC] PHP Warning:  Undefined variable $processData in /home/gahz/next-mes/backend/api/update_process.php on line 111
[12-Aug-2026 23:52:39 UTC] PHP Warning:  Undefined variable $processData in /home/gahz/next-mes/backend/api/update_process.php on line 111
[12-Aug-2026 23:52:39 UTC] PHP Warning:  Undefined variable $processData in /home/gahz/next-mes/backend/api/update_process.php on line 111
[12-Aug-2026 23:52:39 UTC] PHP Warning:  Undefined variable $processData in /home/gahz/next-mes/backend/api/update_process.php on line 111
[12-Aug-2026 23:52:39 UTC] PHP Warning:  Undefined variable $processData in /home/gahz/next-mes/backend/api/update_process.php on line 111
[12-Aug-2026 23:52:39 UTC] PHP Warning:  Undefined variable $processData in /home/gahz/next-mes/backend/api/update_process.php on line 111
[12-Aug-2026 23:52:39 UTC] PHP Warning:  Undefined variable $processData in /home/gahz/next-mes/backend/api/update_process.php on line 111
[12-Aug-2026 23:52:44 UTC] PHP Warning:  Undefined variable $processData in /home/gahz/next-mes/backend/api/update_process.php on line 111
[12-Aug-2026 23:52:44 UTC] PHP Warning:  Undefined variable $processData in /home/gahz/next-mes/backend/api/update_process.php on line 111
[12-Aug-2026 23:52:44 UTC] PHP Warning:  Undefined variable $processData in /home/gahz/next-mes/backend/api/update_process.php on line 111
[12-Aug-2026 23:52:44 UTC] PHP Warning:  Undefined variable $processData in /home/gahz/next-mes/backend/api/update_process.php on line 111
[12-Aug-2026 23:52:44 UTC] PHP Warning:  Undefined variable $processData in /home/gahz/next-mes/backend/api/update_process.php on line 111
[12-Aug-2026 23:52:44 UTC] PHP Warning:  Undefined variable $processData in /home/gahz/next-mes/backend/api/update_process.php on line 111
[12-Aug-2026 23:52:49 UTC] PHP Warning:  Undefined variable $processData in /home/gahz/next-mes/backend/api/update_process.php on line 111
[12-Aug-2026 23:52:49 UTC] PHP Warning:  Undefined variable $processData in /home/gahz/next-mes/backend/api/update_process.php on line 111
[12-Aug-2026 23:52:49 UTC] PHP Warning:  Undefined variable $processData in /home/gahz/next-mes/backend/api/update_process.php on line 111
[12-Aug-2026 23:52:49 UTC] PHP Warning:  Undefined variable $processData in /home/gahz/next-mes/backend/api/update_process.php on line 111
[12-Aug-2026 23:52:49 UTC] PHP Warning:  Undefined variable $processData in /home/gahz/next-mes/backend/api/update_process.php on line 111
[12-Aug-2026 23:52:49 UTC] PHP Warning:  Undefined variable $processData in /home/gahz/next-mes/backend/api/update_process.php on line 111
[12-Aug-2026 23:52:52 UTC] PHP Warning:  Undefined variable $processData in /home/gahz/next-mes/backend/api/update_process.php on line 111
[12-Aug-2026 23:52:52 UTC] PHP Warning:  Undefined variable $processData in /home/gahz/next-mes/backend/api/update_process.php on line 111
[12-Aug-2026 23:52:52 UTC] PHP Warning:  Undefined variable $processData in /home/gahz/next-mes/backend/api/update_process.php on line 111
[12-Aug-2026 23:52:52 UTC] PHP Warning:  Undefined variable $processData in /home/gahz/next-mes/backend/api/update_process.php on line 111
[12-Aug-2026 23:52:52 UTC] PHP Warning:  Undefined variable $processData in /home/gahz/next-mes/backend/api/update_process.php on line 111
[12-Aug-2026 23:52:52 UTC] PHP Warning:  Undefined variable $processData in /home/gahz/next-mes/backend/api/update_process.php on line 111
[12-Aug-2026 23:52:57 UTC] PHP Warning:  Undefined variable $processData in /home/gahz/next-mes/backend/api/update_process.php on line 111
[12-Aug-2026 23:52:57 UTC] PHP Warning:  Undefined variable $processData in /home/gahz/next-mes/backend/api/update_process.php on line 111
[12-Aug-2026 23:52:57 UTC] PHP Warning:  Undefined variable $processData in /home/gahz/next-mes/backend/api/update_process.php on line 111
[12-Aug-2026 23:52:57 UTC] PHP Warning:  Undefined variable $processData in /home/gahz/next-mes/backend/api/update_process.php on line 111
[12-Aug-2026 23:52:57 UTC] PHP Warning:  Undefined variable $processData in /home/gahz/next-mes/backend/api/update_process.php on line 111
[12-Aug-2026 23:52:57 UTC] PHP Warning:  Undefined variable $processData in /home/gahz/next-mes/backend/api/update_process.php on line 111
[12-Aug-2026 23:53:02 UTC] PHP Warning:  Undefined variable $processData in /home/gahz/next-mes/backend/api/update_process.php on line 111
[12-Aug-2026 23:53:02 UTC] PHP Warning:  Undefined variable $processData in /home/gahz/next-mes/backend/api/update_process.php on line 111
[12-Aug-2026 23:53:02 UTC] PHP Warning:  Undefined variable $processData in /home/gahz/next-mes/backend/api/update_process.php on line 111
[12-Aug-2026 23:53:02 UTC] PHP Warning:  Undefined variable $processData in /home/gahz/next-mes/backend/api/update_process.php on line 111
[12-Aug-2026 23:53:02 UTC] PHP Warning:  Undefined variable $processData in /home/gahz/next-mes/backend/api/update_process.php on line 111
[12-Aug-2026 23:53:02 UTC] PHP Warning:  Undefined variable $processData in /home/gahz/next-mes/backend/api/update_process.php on line 111
